Using bundled DotNet SDK version: 8.0.412 win-x64
Running UnrealBuildTool: dotnet "..\..\Engine\Binaries\DotNET\UnrealBuildTool\UnrealBuildTool.dll" raceGPSAkronBetaEditor Win64 Development -Project=C:\projects\raceGPS-grokbot-cleveland\apps\unreal-akron-beta\raceGPSAkronBeta.uproject -WaitMutex -FromMsBuild
Log file: C:\Users\cgp22\AppData\Local\UnrealBuildTool\Log.txt
Parsing headers for raceGPSAkronBetaEditor
  Running Internal UnrealHeaderTool C:\projects\raceGPS-grokbot-cleveland\apps\unreal-akron-beta\raceGPSAkronBeta.uproject C:\projects\raceGPS-grokbot-cleveland\apps\unreal-akron-beta\Intermediate\Build\Win64\raceGPSAkronBetaEditor\Development\raceGPSAkronBetaEditor.uhtmanifest -WarningsAsErrors -installed
UHT processed raceGPSAkronBetaEditor in 1.3443775 seconds (3 files written)
Building raceGPSAkronBetaEditor...
Using Visual Studio 2022 14.44.35226 toolchain (C:\Program Files (x86)\Microsoft Visual Studio\2022\BuildTools\VC\Tools\MSVC\14.44.35207) and Windows 10.0.26100.0 SDK (C:\Program Files (x86)\Windows Kits\10).
[Adaptive Build] Excluded from raceGPSAkronBeta unity file: AchievementSystem.cpp, AkronHUD.cpp, AkronXodrImporter.cpp, BuildingMeshGenerator.cpp, ChampionshipManager.cpp, ChaosVehiclePawn.cpp, CheckpointGate.cpp, ClevelandEnvironmentActor.cpp, ClevelandLookDirector.cpp, ClevelandShowcaseGameMode.cpp, ClevelandSoloGameMode.cpp, CompassWidget.cpp, ConsoleCommands.cpp, ContributionCaptureComponent.cpp, CourseCreatorWidget.cpp, CruiseSprintGameMode.cpp, DayNightCycle.cpp, DeveloperConsole.cpp, DriftScoreSystem.cpp, FrameDiagnosticActor.cpp, GhostVehicle.cpp, GhostVehicleSystem.cpp, LANBrowserWidget.cpp, LANSessionManager.cpp, LeaderboardSystem.cpp, LeaderboardWidget.cpp, LoadingScreenWidget.cpp, MainMenuGameMode.cpp, MainMenuWidget.cpp, MinimapRenderer.cpp, MinimapWidget.cpp, NeonHUD.cpp, NotificationManager.cpp, OnboardingManager.cpp, PauseMenuWidget.cpp, PhotoModeController.cpp, PlayerProfileSaveGame.cpp, PostProcessController.cpp, PostRaceStatsWidget.cpp, PreflightSystem.cpp, RaceAIDriverController.cpp, raceGPSAkronBeta.cpp, RaceGPSBackendClient.cpp, raceGPSGameInstance.cpp, RaceGPSMaterialProvider.cpp, RaceGPSVehicleWheels.cpp, RaceGridManager.cpp, RaceReplayManager.cpp, RaceReplayPlayer.cpp, RaceReplayRecorder.cpp, RaceScoringSystem.cpp, RaceSessionManager.cpp, RaceTimerSystem.cpp, RacingLineComponent.cpp, RoadMeshGenerator.cpp, RouteSplineActor.cpp, RuntimeCityLoader.cpp, SettingsAutoConfigurator.cpp, SettingsSystem.cpp, SettingsWidget.cpp, StreetFurnitureSpawner.cpp, TrafficAISpawner.cpp, TrafficSpawner.cpp, TrafficVehicle.cpp, TutorialSystem.cpp, TutorialWidget.cpp, UnlockSystem.cpp, VehicleAudioComponent.cpp, VehicleSelectionWidget.cpp, VisualQualitySettings.cpp, WeatherSystem.cpp, WorldContentInstaller.cpp, FrameContractTests.cpp, raceGPSGameplayTests.cpp
Determining max actions to execute in parallel (10 physical cores, 20 logical cores)
  Executing up to 10 processes, one per physical core
Using Unreal Build Accelerator local executor to run 8 action(s)
  Storage capacity 40Gb
---- Starting trace: 260924_193741 ----
UbaSessionServer - Disable remote execution (remote sessions will finish current processes)
[1/8] Compile [x64] BuildingMeshGenerator.cpp
[2/8] Compile [x64] Module.raceGPSAkronBeta.1.cpp
[3/8] Compile [x64] ClevelandEnvironmentActor.cpp
[4/8] Compile [x64] Module.raceGPSAkronBeta.5.cpp
[5/8] Compile [x64] CruiseSprintGameMode.cpp
[6/8] Link [x64] UnrealEditor-raceGPSAkronBeta.lib
[7/8] Link [x64] UnrealEditor-raceGPSAkronBeta.dll
[8/8] WriteMetadata raceGPSAkronBetaEditor.target [NoUba]

Trace written to file C:/Users/cgp22/AppData/Local/UnrealBuildTool/Log.uba with size 4.6kb
Total time in Unreal Build Accelerator local executor: 6.64 seconds

Result: Succeeded
Total execution time: 9.33 seconds
